
> admin-dashboard@1.0.0 dev
> next dev --port 3001 -p 3001

   ▲ Next.js 16.0.10 (Turbopack)
   - Local:         http://localhost:3001
   - Network:       http://10.158.236.198:3001
   - Environments: .env
   - Experiments (use with caution):
     · serverActions

 ✓ Starting...
 ✓ Ready in 714ms
 GET / 200 in 1965ms (compile: 1784ms, render: 181ms)
 GET /grid-pattern.svg 404 in 424ms (compile: 357ms, render: 67ms)
 GET / 200 in 33ms (compile: 6ms, render: 27ms)
 GET /grid-pattern.svg 404 in 22ms (compile: 4ms, render: 18ms)
 GET /login 200 in 680ms (compile: 664ms, render: 16ms)
 POST /login 200 in 925ms (compile: 2ms, render: 923ms)
 GET /dashboard 200 in 665ms (compile: 656ms, render: 10ms)
 POST /dashboard 200 in 16ms (compile: 4ms, render: 12ms)
 POST /dashboard 200 in 805ms (compile: 3ms, render: 802ms)
 POST /dashboard 200 in 211ms (compile: 1807µs, render: 209ms)
 POST /dashboard 200 in 206ms (compile: 1872µs, render: 204ms)
 POST /dashboard 200 in 206ms (compile: 1655µs, render: 205ms)
 POST /dashboard 200 in 238ms (compile: 3ms, render: 236ms)
 POST /dashboard 200 in 304ms (compile: 1828µs, render: 302ms)
 POST /dashboard 200 in 202ms (compile: 3ms, render: 199ms)
 POST /dashboard 200 in 223ms (compile: 1623µs, render: 222ms)
 POST /dashboard 200 in 187ms (compile: 1698µs, render: 185ms)
 POST /dashboard 200 in 441ms (compile: 3ms, render: 438ms)
 POST /dashboard 200 in 8ms (compile: 3ms, render: 5ms)
 POST /dashboard 200 in 417ms (compile: 3ms, render: 413ms)
 POST /dashboard 200 in 201ms (compile: 1949µs, render: 199ms)
 POST /dashboard 200 in 201ms (compile: 1761µs, render: 200ms)
 POST /dashboard 200 in 244ms (compile: 1640µs, render: 242ms)
 POST /dashboard 200 in 255ms (compile: 1834µs, render: 253ms)
 POST /dashboard 200 in 214ms (compile: 1698µs, render: 212ms)
 POST /dashboard 200 in 289ms (compile: 1510µs, render: 287ms)
 POST /dashboard 200 in 191ms (compile: 1757µs, render: 189ms)
 POST /dashboard 200 in 196ms (compile: 1919µs, render: 195ms)
 POST /dashboard 200 in 669ms (compile: 1788µs, render: 667ms)
 GET / 200 in 28ms (compile: 2ms, render: 25ms)
 GET /grid-pattern.svg 404 in 20ms (compile: 2ms, render: 18ms)
 GET /login 200 in 11ms (compile: 3ms, render: 8ms)
 ✓ Compiled in 32ms
 POST /login 200 in 732ms (compile: 43ms, render: 689ms)
 GET /dashboard 200 in 11ms (compile: 3ms, render: 8ms)
 POST /dashboard 200 in 8ms (compile: 3ms, render: 5ms)
 POST /dashboard 200 in 537ms (compile: 3ms, render: 534ms)
 POST /dashboard 200 in 177ms (compile: 1783µs, render: 175ms)
 POST /dashboard 200 in 208ms (compile: 2ms, render: 205ms)
 POST /dashboard 200 in 227ms (compile: 2ms, render: 224ms)
 POST /dashboard 200 in 186ms (compile: 1751µs, render: 184ms)
 POST /dashboard 200 in 172ms (compile: 1510µs, render: 170ms)
 POST /dashboard 200 in 158ms (compile: 2ms, render: 156ms)
 POST /dashboard 200 in 158ms (compile: 2ms, render: 156ms)
 POST /dashboard 200 in 180ms (compile: 1660µs, render: 178ms)
 POST /dashboard 200 in 801ms (compile: 3ms, render: 798ms)
 POST /dashboard 200 in 5ms (compile: 1587µs, render: 3ms)
 POST /dashboard 200 in 359ms (compile: 1800µs, render: 358ms)
 POST /dashboard 200 in 181ms (compile: 2ms, render: 179ms)
 POST /dashboard 200 in 174ms (compile: 1821µs, render: 172ms)
 POST /dashboard 200 in 169ms (compile: 1590µs, render: 167ms)
 POST /dashboard 200 in 163ms (compile: 1708µs, render: 162ms)
 POST /dashboard 200 in 177ms (compile: 1807µs, render: 176ms)
 POST /dashboard 200 in 170ms (compile: 1563µs, render: 168ms)
 POST /dashboard 200 in 165ms (compile: 1835µs, render: 163ms)
 POST /dashboard 200 in 174ms (compile: 2ms, render: 171ms)
 POST /dashboard 200 in 320ms (compile: 3ms, render: 317ms)
 GET /dashboard/transactions 200 in 303ms (compile: 291ms, render: 12ms)
 POST /dashboard/transactions 200 in 289ms (compile: 2ms, render: 287ms)
 POST /dashboard/transactions 200 in 175ms (compile: 1611µs, render: 174ms)
 GET /dashboard/products 200 in 261ms (compile: 252ms, render: 10ms)
 POST /dashboard/products 200 in 326ms (compile: 1487µs, render: 324ms)
 POST /dashboard/products 200 in 157ms (compile: 1448µs, render: 156ms)
 GET /dashboard/branches 200 in 230ms (compile: 204ms, render: 26ms)
 GET /dashboard/products 200 in 9ms (compile: 1314µs, render: 7ms)
 POST /dashboard/products 200 in 307ms (compile: 1820µs, render: 305ms)
 POST /dashboard/products 200 in 170ms (compile: 1398µs, render: 168ms)
 GET /dashboard/employees 200 in 265ms (compile: 256ms, render: 10ms)
 POST /dashboard/employees 200 in 161ms (compile: 1723µs, render: 159ms)
 POST /dashboard/employees 200 in 5ms (compile: 1459µs, render: 3ms)
 POST /dashboard/employees 200 in 169ms (compile: 1804µs, render: 167ms)
 POST /dashboard/employees 200 in 4ms (compile: 1318µs, render: 3ms)
 GET /dashboard/branches 200 in 18ms (compile: 1346µs, render: 17ms)
 GET /dashboard/products 200 in 9ms (compile: 1813µs, render: 7ms)
 POST /dashboard/products 200 in 330ms (compile: 1184µs, render: 328ms)
 POST /dashboard/products 200 in 157ms (compile: 1797µs, render: 156ms)
 GET /dashboard/branches 200 in 17ms (compile: 1498µs, render: 15ms)
 GET /dashboard/employees 200 in 12ms (compile: 2ms, render: 9ms)
 POST /dashboard/employees 200 in 170ms (compile: 1551µs, render: 169ms)
 POST /dashboard/employees 200 in 5ms (compile: 1263µs, render: 3ms)
 POST /dashboard/employees 200 in 162ms (compile: 1369µs, render: 161ms)
 POST /dashboard/employees 200 in 5ms (compile: 1889µs, render: 4ms)
 GET /dashboard/reports 200 in 246ms (compile: 236ms, render: 11ms)
 GET /dashboard/employees 200 in 9ms (compile: 1670µs, render: 8ms)
 POST /dashboard/employees 200 in 163ms (compile: 1473µs, render: 162ms)
 POST /dashboard/employees 200 in 4ms (compile: 1275µs, render: 3ms)
 POST /dashboard/employees 200 in 161ms (compile: 1101µs, render: 160ms)
 POST /dashboard/employees 200 in 4ms (compile: 1224µs, render: 3ms)
 ✓ Compiled in 110ms
 GET /dashboard/employees 200 in 123ms (compile: 88ms, render: 35ms)
 GET /dashboard/employees 200 in 16ms (compile: 2ms, render: 13ms)
 GET /dashboard/employees 200 in 11ms (compile: 1933µs, render: 9ms)
 GET /dashboard/employees 200 in 14ms (compile: 2ms, render: 11ms)
 GET /dashboard/employees 200 in 13ms (compile: 2ms, render: 11ms)
 GET /dashboard/employees 200 in 11ms (compile: 1666µs, render: 10ms)
 ✓ Compiled in 55ms
 GET /dashboard/employees 200 in 72ms (compile: 53ms, render: 19ms)
 POST /dashboard/employees 200 in 655ms (compile: 3ms, render: 652ms)
 POST /dashboard/employees 200 in 5ms (compile: 1390µs, render: 4ms)
 GET /dashboard/reports 200 in 66ms (compile: 51ms, render: 15ms)
 GET /dashboard/employees 200 in 9ms (compile: 1778µs, render: 7ms)
 POST /dashboard/employees 200 in 420ms (compile: 1962µs, render: 418ms)
 POST /dashboard/employees 200 in 5ms (compile: 1554µs, render: 3ms)
 POST /dashboard/employees 200 in 211ms (compile: 1183µs, render: 210ms)
 POST /dashboard/employees 200 in 5ms (compile: 2ms, render: 3ms)
 GET /dashboard/system-health 200 in 405ms (compile: 394ms, render: 11ms)
 POST /dashboard/system-health 200 in 1013ms (compile: 2ms, render: 1011ms)
 POST /dashboard/system-health 200 in 5ms (compile: 1802µs, render: 3ms)
 POST /dashboard/system-health 200 in 1211ms (compile: 1446µs, render: 1210ms)
 POST /dashboard/system-health 200 in 4ms (compile: 1429µs, render: 3ms)
 GET /dashboard/employees 200 in 16ms (compile: 3ms, render: 13ms)
 POST /dashboard/employees 200 in 3.4s (compile: 3ms, render: 3.4s)
 POST /dashboard/employees 200 in 6ms (compile: 1391µs, render: 5ms)
 POST /dashboard/employees 200 in 443ms (compile: 2ms, render: 441ms)
 POST /dashboard/employees 200 in 7ms (compile: 2ms, render: 5ms)
Failed to create employee: Error [AuthApiError]: Email address "josia@pos-system.local" is invalid
    at async createEmployee (src/app/dashboard/actions.ts:261:54)
  259 |         const password = `${data.pin}pos123`; // Simple default password strategy
  260 |
> 261 |         const { data: authData, error: authError } = await tempClient.auth.signUp({
      |                                                      ^
  262 |             email,
  263 |             password,
  264 |         }); {
  __isAuthError: true,
  status: 400,
  code: 'email_address_invalid'
}
 POST /dashboard/employees 200 in 1048ms (compile: 1274µs, render: 1046ms)
Failed to create employee: Error [AuthApiError]: Email address "josia@pos-system.local" is invalid
    at async createEmployee (src/app/dashboard/actions.ts:261:54)
  259 |         const password = `${data.pin}pos123`; // Simple default password strategy
  260 |
> 261 |         const { data: authData, error: authError } = await tempClient.auth.signUp({
      |                                                      ^
  262 |             email,
  263 |             password,
  264 |         }); {
  __isAuthError: true,
  status: 400,
  code: 'email_address_invalid'
}
 POST /dashboard/employees 200 in 832ms (compile: 4ms, render: 829ms)
 ✓ Compiled in 121ms
 GET /dashboard/employees 200 in 125ms (compile: 96ms, render: 29ms)
 GET /dashboard/employees 200 in 13ms (compile: 3ms, render: 10ms)
 GET /dashboard/employees 200 in 17ms (compile: 1693µs, render: 15ms)
 GET /dashboard/employees 200 in 13ms (compile: 1929µs, render: 11ms)
 GET /dashboard/employees 200 in 13ms (compile: 1895µs, render: 11ms)
 GET /dashboard/employees 200 in 13ms (compile: 1537µs, render: 11ms)
 GET /dashboard/employees 200 in 15ms (compile: 3ms, render: 12ms)
Failed to create employee: {
  code: '42501',
  details: null,
  hint: null,
  message: 'new row violates row-level security policy for table "profiles"'
}
 POST /dashboard/employees 200 in 3.4s (compile: 1999µs, render: 3.4s)
Failed to create employee: Error [AuthApiError]: For security purposes, you can only request this after 17 seconds.
    at async createEmployee (src/app/dashboard/actions.ts:263:54)
  261 |         const password = `${data.pin}pos123`; // Simple default password strategy
  262 |
> 263 |         const { data: authData, error: authError } = await tempClient.auth.signUp({
      |                                                      ^
  264 |             email,
  265 |             password,
  266 |         }); {
  __isAuthError: true,
  status: 429,
  code: 'over_email_send_rate_limit'
}
 POST /dashboard/employees 200 in 547ms (compile: 1769µs, render: 545ms)
 POST /dashboard/employees 200 in 4.7s (compile: 1584µs, render: 4.7s)
 POST /dashboard/employees 200 in 194ms (compile: 2ms, render: 191ms)
 POST /dashboard/employees 200 in 7ms (compile: 3ms, render: 4ms)
 POST /dashboard/employees 200 in 402ms (compile: 1716µs, render: 400ms)
 POST /dashboard/employees 200 in 550ms (compile: 2ms, render: 548ms)
 POST /dashboard/employees 200 in 5ms (compile: 1515µs, render: 4ms)
 POST /dashboard/employees 200 in 3.1s (compile: 1430µs, render: 3.1s)
 POST /dashboard/employees 200 in 175ms (compile: 3ms, render: 173ms)
 POST /dashboard/employees 200 in 6ms (compile: 1572µs, render: 5ms)
 ✓ Compiled in 17ms
 ✓ Compiled in 17ms
 POST /dashboard/employees 200 in 3.2s (compile: 53ms, render: 3.2s)
 POST /dashboard/employees 200 in 182ms (compile: 2ms, render: 179ms)
 POST /dashboard/employees 200 in 4ms (compile: 1379µs, render: 3ms)
 GET /dashboard/branches 200 in 94ms (compile: 58ms, render: 35ms)
 GET /dashboard/branches 200 in 99ms (compile: 60ms, render: 39ms)
 GET /dashboard/products 200 in 65ms (compile: 51ms, render: 14ms)
 POST /dashboard/products 200 in 375ms (compile: 1434µs, render: 373ms)
 POST /dashboard/products 200 in 173ms (compile: 1490µs, render: 171ms)
 GET /dashboard/employees 200 in 19ms (compile: 2ms, render: 17ms)
 POST /dashboard/employees 200 in 312ms (compile: 2ms, render: 309ms)
 POST /dashboard/employees 200 in 6ms (compile: 1922µs, render: 4ms)
 POST /dashboard/employees 200 in 198ms (compile: 1301µs, render: 196ms)
 POST /dashboard/employees 200 in 5ms (compile: 1293µs, render: 3ms)
 GET /dashboard/reports 200 in 60ms (compile: 46ms, render: 13ms)
 POST /dashboard/reports 200 in 434ms (compile: 1576µs, render: 433ms)
 POST /dashboard/reports 200 in 190ms (compile: 1473µs, render: 188ms)
 GET /dashboard/system-health 200 in 73ms (compile: 59ms, render: 14ms)
 POST /dashboard/system-health 200 in 3.0s (compile: 2ms, render: 3.0s)
 POST /dashboard/system-health 200 in 7ms (compile: 1756µs, render: 5ms)
 POST /dashboard/system-health 200 in 961ms (compile: 1573µs, render: 960ms)
 POST /dashboard/system-health 200 in 6ms (compile: 2ms, render: 4ms)
 POST /dashboard/system-health 200 in 993ms (compile: 3ms, render: 991ms)
 POST /dashboard/system-health 200 in 6ms (compile: 1697µs, render: 5ms)
 POST /dashboard/system-health 200 in 1653ms (compile: 3ms, render: 1651ms)
 POST /dashboard/system-health 200 in 5ms (compile: 1885µs, render: 3ms)
 POST /dashboard/system-health 200 in 2.8s (compile: 1926µs, render: 2.8s)
 POST /dashboard/system-health 200 in 8ms (compile: 2ms, render: 5ms)
 GET /dashboard/employees 200 in 12ms (compile: 1464µs, render: 10ms)
 POST /dashboard/branches 200 in 6ms (compile: 1283µs, render: 4ms)
 POST /dashboard/employees 200 in 16ms (compile: 2ms, render: 14ms)
 GET /dashboard/branches 200 in 17ms (compile: 1458µs, render: 16ms)
 POST /dashboard/branches 200 in 7ms (compile: 3ms, render: 4ms)
 POST /dashboard/system-health 200 in 1452ms (compile: 1916µs, render: 1450ms)
 POST /dashboard/branches 200 in 7ms (compile: 1771µs, render: 6ms)
 POST /dashboard/employees 200 in 1378ms (compile: 3ms, render: 1376ms)
 POST /dashboard/branches 200 in 467ms (compile: 1841µs, render: 465ms)
 GET /dashboard/employees 200 in 12ms (compile: 2ms, render: 10ms)
 POST /dashboard/employees 200 in 4.5s (compile: 2ms, render: 4.5s)
 POST /dashboard/employees 200 in 8ms (compile: 3ms, render: 5ms)
 POST /dashboard/employees 200 in 191ms (compile: 1950µs, render: 189ms)
 POST /dashboard/employees 200 in 6ms (compile: 2ms, render: 4ms)
 GET /dashboard/system-health 200 in 12ms (compile: 3ms, render: 10ms)
 POST /dashboard/system-health 200 in 1195ms (compile: 1813µs, render: 1193ms)
 POST /dashboard/system-health 200 in 8ms (compile: 3ms, render: 5ms)
 POST /dashboard/system-health 200 in 1031ms (compile: 1804µs, render: 1030ms)
 POST /dashboard/system-health 200 in 6ms (compile: 3ms, render: 3ms)
 POST /dashboard/system-health 200 in 948ms (compile: 3ms, render: 946ms)
 POST /dashboard/system-health 200 in 6ms (compile: 1920µs, render: 4ms)
 POST /dashboard/system-health 200 in 897ms (compile: 1778µs, render: 895ms)
 POST /dashboard/system-health 200 in 5ms (compile: 1523µs, render: 3ms)
 GET /dashboard/settings 200 in 227ms (compile: 203ms, render: 24ms)
 POST /dashboard/branches 200 in 6ms (compile: 1244µs, render: 5ms)
 POST /dashboard/settings 200 in 13ms (compile: 1377µs, render: 12ms)
 POST /dashboard/system-health 200 in 3.6s (compile: 3ms, render: 3.6s)
 GET /dashboard/system-health 200 in 12ms (compile: 3ms, render: 9ms)
 GET /dashboard/settings 200 in 18ms (compile: 1688µs, render: 16ms)
 POST /dashboard/branches 200 in 6ms (compile: 1193µs, render: 5ms)
 POST /dashboard/settings 200 in 16ms (compile: 2ms, render: 14ms)
 POST /dashboard/system-health 200 in 3.3s (compile: 3ms, render: 3.3s)
 POST /dashboard/branches 200 in 6ms (compile: 1566µs, render: 4ms)
 POST /dashboard/settings 200 in 12ms (compile: 1212µs, render: 11ms)
 GET /dashboard/system-health 200 in 12ms (compile: 3ms, render: 9ms)
 POST /dashboard/system-health 200 in 2.4s (compile: 1585µs, render: 2.4s)
 POST /dashboard/settings 200 in 2.4s (compile: 1381µs, render: 2.4s)
 POST /dashboard/branches 200 in 7ms (compile: 1658µs, render: 6ms)
 POST /dashboard/settings 200 in 16ms (compile: 2ms, render: 14ms)
 POST /dashboard/system-health 200 in 2.4s (compile: 2ms, render: 2.4s)
 POST /dashboard/system-health 200 in 8ms (compile: 2ms, render: 6ms)
 POST /dashboard/system-health 200 in 2.7s (compile: 2ms, render: 2.7s)
 POST /dashboard/settings 200 in 2.7s (compile: 1723µs, render: 2.7s)
 GET /dashboard/settings 200 in 16ms (compile: 1405µs, render: 14ms)
 GET /dashboard/settings 200 in 27ms (compile: 2ms, render: 24ms)
 ✓ Compiled in 52ms
 GET /dashboard/settings 200 in 21ms (compile: 1736µs, render: 20ms)
 ✓ Compiled in 30ms
 ✓ Compiled in 88ms
 ✓ Compiled in 21ms
 GET /dashboard/system-health 200 in 75ms (compile: 58ms, render: 17ms)
 POST /dashboard/system-health 200 in 3.3s (compile: 2ms, render: 3.3s)
 POST /dashboard/system-health 200 in 5ms (compile: 1745µs, render: 3ms)
 POST /dashboard/system-health 200 in 2.4s (compile: 1568µs, render: 2.4s)
 POST /dashboard/system-health 200 in 6ms (compile: 1754µs, render: 5ms)
 POST /dashboard/system-health 200 in 2.4s (compile: 1771µs, render: 2.4s)
 POST /dashboard/system-health 200 in 5ms (compile: 1763µs, render: 3ms)
 POST /dashboard/system-health 200 in 2.3s (compile: 2ms, render: 2.3s)
 POST /dashboard/system-health 200 in 5ms (compile: 1737µs, render: 3ms)
 POST /dashboard/system-health 200 in 2.6s (compile: 1855µs, render: 2.6s)
 POST /dashboard/system-health 200 in 5ms (compile: 1636µs, render: 3ms)
 POST /dashboard/system-health 200 in 2.6s (compile: 1995µs, render: 2.6s)
 POST /dashboard/system-health 200 in 5ms (compile: 1769µs, render: 3ms)
 POST /dashboard/system-health 200 in 2.6s (compile: 2ms, render: 2.6s)
 POST /dashboard/system-health 200 in 8ms (compile: 3ms, render: 5ms)
 GET /dashboard/reports 200 in 16ms (compile: 1843µs, render: 14ms)
 GET /dashboard/employees 200 in 10ms (compile: 2ms, render: 8ms)
 POST /dashboard/employees 200 in 452ms (compile: 1554µs, render: 451ms)
 POST /dashboard/employees 200 in 8ms (compile: 2ms, render: 6ms)
 POST /dashboard/employees 200 in 224ms (compile: 1888µs, render: 222ms)
 POST /dashboard/employees 200 in 5ms (compile: 1777µs, render: 3ms)
 GET /dashboard/branches 200 in 21ms (compile: 7ms, render: 15ms)
 GET /dashboard/products 200 in 16ms (compile: 2ms, render: 14ms)
 POST /dashboard/products 200 in 243ms (compile: 1505µs, render: 242ms)
 POST /dashboard/products 200 in 227ms (compile: 1257µs, render: 225ms)
 GET /dashboard/transactions 200 in 66ms (compile: 50ms, render: 16ms)
 POST /dashboard/transactions 200 in 383ms (compile: 1500µs, render: 381ms)
 POST /dashboard/transactions 200 in 321ms (compile: 1151µs, render: 320ms)
 GET /dashboard 200 in 67ms (compile: 49ms, render: 18ms)
 POST /dashboard 200 in 13ms (compile: 3ms, render: 10ms)
 POST /dashboard 200 in 584ms (compile: 2ms, render: 582ms)
 POST /dashboard 200 in 254ms (compile: 2ms, render: 251ms)
 POST /dashboard 200 in 328ms (compile: 1929µs, render: 326ms)
 POST /dashboard 200 in 236ms (compile: 3ms, render: 233ms)
 POST /dashboard 200 in 308ms (compile: 3ms, render: 305ms)
 POST /dashboard 200 in 285ms (compile: 1896µs, render: 283ms)
 POST /dashboard 200 in 346ms (compile: 2ms, render: 344ms)
 POST /dashboard 200 in 202ms (compile: 3ms, render: 199ms)
 POST /dashboard 200 in 214ms (compile: 2ms, render: 212ms)
 POST /dashboard 200 in 405ms (compile: 1696µs, render: 403ms)
 POST /dashboard 200 in 7ms (compile: 3ms, render: 4ms)
 POST /dashboard 200 in 433ms (compile: 3ms, render: 430ms)
 POST /dashboard 200 in 234ms (compile: 1581µs, render: 232ms)
 POST /dashboard 200 in 338ms (compile: 1611µs, render: 336ms)
 POST /dashboard 200 in 290ms (compile: 2ms, render: 288ms)
 POST /dashboard 200 in 252ms (compile: 3ms, render: 249ms)
 POST /dashboard 200 in 638ms (compile: 2ms, render: 635ms)
 POST /dashboard 200 in 265ms (compile: 2ms, render: 263ms)
 POST /dashboard 200 in 228ms (compile: 4ms, render: 224ms)
 POST /dashboard 200 in 230ms (compile: 3ms, render: 227ms)
 POST /dashboard 200 in 396ms (compile: 2ms, render: 393ms)
 GET /dashboard/employees 200 in 11ms (compile: 2ms, render: 9ms)
 POST /dashboard/employees 200 in 495ms (compile: 2ms, render: 493ms)
 POST /dashboard/employees 200 in 5ms (compile: 1450µs, render: 4ms)
 POST /dashboard/employees 200 in 190ms (compile: 2ms, render: 188ms)
 POST /dashboard/employees 200 in 6ms (compile: 1324µs, render: 4ms)
 POST /dashboard/employees 200 in 5.4s (compile: 1363µs, render: 5.4s)
 POST /dashboard/employees 200 in 197ms (compile: 1576µs, render: 196ms)
 POST /dashboard/employees 200 in 7ms (compile: 2ms, render: 5ms)
[?25h
